reset
#{L=2}
#{H=1}
#{lc=1}
#{epsc=.001}
#{h=.01}
#{hstr = tostring(h)}

tridelaunay point placement gq

create vertex x {L/2.-lc} Y 0 Z 0
create vertex x {L/2.} Y {-epsc} z 0
create vertex x {L/2.} Y {-H/2.} z 0
create vertex x {-L/2.} Y {-H/2.} z 0
create vertex x {-L/2.} Y {H/2.} z 0
create vertex x {L/2.} Y {H/2.} z 0
create vertex x {L/2.} Y {epsc} z 0


create surface vertex all

block 1 surface 1
block 20 curve 5
block 30 curve 3
nodeset 400 vertex 1

draw block all nodeset all
hardcopy "pureShear2D.png" png

surface 1 scheme tridelaunay size {2.*h}
mesh surface 1
surface 1  smooth scheme laplacian free 
smooth surface 1

block 1 to 9 element type tri6
block 10 to 99 element type bar3
#{filename = Quote("pureShear2D-"//hstr//"-tri6.gen")}
export mesh {filename} dimension 2 block all overwrite

delete mesh
surface 1 scheme tridelaunay size {h}
mesh surface 1
surface 1  smooth scheme laplacian free 
smooth surface 1

block 1 to 9 element type tri3
block 10 to 99 element type bar2
#{filename = Quote("pureShear2D-"//hstr//"-tri3.gen")}
export mesh {filename} dimension 2 block all overwrite


#quit






