reset
journal off
create brick x 1
surface all size .125 scheme tridelaunay
volume 1 scheme tetmesh
Tridelaunay point placement gq

mesh surface all
smooth surface all
smooth surface all

mesh volume all
smooth volume all
smooth volume all

block 1 volume 1

sideset 10 surface 4 
sideset 20 surface 6
nodeset 100 surface 4 
nodeset 200 surface 6

block 1 element type tetra4
export mesh "CubeNG_X-tetra4.gen" dimension 3 block all overwrite

block 1 element type tetra10
export mesh "CubeNG_X-tetra10.gen" dimension 3 block all overwrite

delete sideset 10 20 nodeset 100 200
sideset 10 surface 5
sideset 20 surface 3
nodeset 100 surface 5 
nodeset 200 surface 3

block 1 element type tetra4
export mesh "CubeNG_Y-tetra4.gen" dimension 3 block all overwrite

block 1 element type tetra10
export mesh "CubeNG_Y-tetra10.gen" dimension 3 block all overwrite

delete sideset 10 20 nodeset 100 200
sideset 10 surface 1
sideset 20 surface 2
nodeset 100 surface 1 
nodeset 200 surface 2

block 1 element type tetra4
export mesh "CubeNG_Z-tetra4.gen" dimension 3 block all overwrite

block 1 element type tetra10
export mesh "CubeNG_Z-tetra10.gen" dimension 3 block all overwrite

